<?xml version="1.0" encoding="UTF-8"?>
<testsuites name="jest tests" tests="1" failures="0" errors="0" time="3.312">
  <testsuite name="osml-jupyter-extension" errors="0" failures="0" skipped="0" timestamp="2025-10-07T13:19:16" time="2.235" tests="1">
    <testcase classname="osml-jupyter-extension should be tested" name="osml-jupyter-extension should be tested" time="0.001">
    </testcase>
  </testsuite>
</testsuites>